// Jest Snapshot v1, https://goo.gl/fbAQLP

exports[`codegen interpolation 1`] = `
"import { toDisplayString as _toDisplayString } from \\"vue\\"
export function render(_ctx, _cache) {return _toDisplayString(_ctx.message)}"
`;

exports[`codegen string 1`] = `"export function render(_ctx, _cache) {return 'hi'}"`;
